# serializer version: 1
# name: test_list_filtered
  dict({
    'items': list([
      dict({
        'id': int,
        'posted_on': '2026-09-01',
        'reason': 'Vendor marketing, not threat intelligence',
        'rejected_at': str,
        'source': 'vendorblog',
        'title': 'New product launch: SuperWidget 3000',
        'url': 'https://example.com/vendor-marketing-post',
      }),
    ]),
    'page': 1,
    'page_size': 20,
    'total': 1,
  })
# ---
# name: test_restore_article
  dict({
    'success': True,
  })
# ---
